******************************************************************************
                  TI ARM Linker Unix v18.12.2                  
******************************************************************************
>> Linked Thu Sep 26 21:51:52 2019

OUTPUT FILE NAME:   <mini_project_1.out>
ENTRY POINT SYMBOL: "_c_int00_noargs"  address: 00000e2d


MEMORY CONFIGURATION

         name            origin    length      used     unused   attr    fill
----------------------  --------  ---------  --------  --------  ----  --------
  FLASH                 00000000   00040000  000011c2  0003ee3e  R  X
  SRAM                  20000000   00008000  0000027d  00007d83  RW X


SEGMENT ALLOCATION MAP

run origin  load origin   length   init length attrs members
----------  ----------- ---------- ----------- ----- -------
00000000    00000000    000011c4   000011c4    r-x
  00000000    00000000    0000026c   0000026c    r-- .intvecs
  0000026c    0000026c    00000c24   00000c24    r-x .text
  00000e90    00000e90    0000031e   0000031e    r-- .const
  000011b0    000011b0    00000014   00000014    r-- .cinit
20000000    20000000    0000027d   00000000    rw-
  20000000    20000000    00000200   00000000    rw- .stack
  20000200    20000200    0000007d   00000000    rw- .bss


SECTION ALLOCATION MAP

 output                                  attributes/
section   page    origin      length       input sections
--------  ----  ----------  ----------   ----------------
.intvecs   0    00000000    0000026c     
                  00000000    0000026c     tm4c123gh6pm_startup_ccs.obj (.intvecs)

.text      0    0000026c    00000c24     
                  0000026c    00000ae0     main.obj (.text)
                  00000d4c    0000009c     rtsv7M4_T_le_v4SPD16_eabi.lib : memcpy_t2.asm.obj (.text)
                  00000de8    00000044                                   : autoinit.c.obj (.text:__TI_auto_init_nobinit_nopinit:__TI_auto_init_nobinit_nopinit)
                  00000e2c    00000034                                   : boot_cortex_m.c.obj (.text:_c_int00_noargs:_c_int00_noargs)
                  00000e60    0000001c                                   : copy_zero_init.c.obj (.text:decompress:ZI:__TI_zero_init_nomemset:__TI_zero_init_nomemset)
                  00000e7c    0000000c     tm4c123gh6pm_startup_ccs.obj (.text)
                  00000e88    00000004     rtsv7M4_T_le_v4SPD16_eabi.lib : pre_init.c.obj (.text:_system_pre_init)
                  00000e8c    00000004                                   : exit.c.obj (.text:abort:abort)

.const     0    00000e90    0000031e     
                  00000e90    0000021e     main.obj (.const:.string)
                  000010ae    00000100     main.obj (.const:.string:$P$T0$1)

.cinit     0    000011b0    00000014     
                  000011b0    00000008     (.cinit..bss.load) [load image, compression = zero_init]
                  000011b8    00000004     (__TI_handler_table)
                  000011bc    00000008     (__TI_cinit_table)

.init_array 
*          0    00000000    00000000     UNINITIALIZED

.bss       0    20000200    0000007d     UNINITIALIZED
                  20000200    00000050     (.common:strInput)
                  20000250    00000028     (.common:temp_arg)
                  20000278    00000004     (.common:temp_command)
                  2000027c    00000001     (.common:argCount)

.stack     0    20000000    00000200     UNINITIALIZED
                  20000000    00000004     rtsv7M4_T_le_v4SPD16_eabi.lib : boot_cortex_m.c.obj (.stack)
                  20000004    000001fc     --HOLE--

MODULE SUMMARY

       Module                         code   ro data   rw data
       ------                         ----   -------   -------
    ./
       main.obj                       2784   798       125    
       tm4c123gh6pm_startup_ccs.obj   12     620       0      
    +--+------------------------------+------+---------+---------+
       Total:                         2796   1418      125    
                                                              
    /Applications/ti/ccs910/ccs/tools/compiler/ti-cgt-arm_18.12.2.LTS/lib/rtsv7M4_T_le_v4SPD16_eabi.lib
       memcpy_t2.asm.obj              156    0         0      
       autoinit.c.obj                 68     0         0      
       boot_cortex_m.c.obj            52     0         0      
       copy_zero_init.c.obj           28     0         0      
       exit.c.obj                     4      0         0      
       pre_init.c.obj                 4      0         0      
    +--+------------------------------+------+---------+---------+
       Total:                         312    0         0      
                                                              
       Stack:                         0      0         512    
       Linker Generated:              0      20        0      
    +--+------------------------------+------+---------+---------+
       Grand Total:                   3108   1438      637    


LINKER GENERATED COPY TABLES

__TI_cinit_table @ 000011bc records: 1, size/record: 8, table size: 8
	.bss: load addr=000011b0, load size=00000008 bytes, run addr=20000200, run size=0000007d bytes, compression=zero_init


LINKER GENERATED HANDLER TABLE

__TI_handler_table @ 000011b8 records: 1, size/record: 4, table size: 4
	index: 0, handler: __TI_zero_init


GLOBAL SYMBOLS: SORTED ALPHABETICALLY BY Name 

address   name                          
-------   ----                          
00000e8d  C$$EXIT                       
00000e7d  ResetISR                      
20000200  __STACK_END                   
00000200  __STACK_SIZE                  
20000200  __STACK_TOP                   
000011bc  __TI_CINIT_Base               
000011c4  __TI_CINIT_Limit              
000011b8  __TI_Handler_Table_Base       
000011bc  __TI_Handler_Table_Limit      
00000de9  __TI_auto_init_nobinit_nopinit
ffffffff  __TI_pprof_out_hndl           
ffffffff  __TI_prof_data_size           
ffffffff  __TI_prof_data_start          
00000000  __TI_static_base__            
00000e61  __TI_zero_init_nomemset       
00000d4d  __aeabi_memcpy                
00000d4d  __aeabi_memcpy4               
00000d4d  __aeabi_memcpy8               
ffffffff  __binit__                     
ffffffff  __c_args__                    
UNDEFED   __mpu_init                    
20000000  __stack                       
00000e2d  _c_int00_noargs               
UNDEFED   _system_post_cinit            
00000e89  _system_pre_init              
00000e8d  abort                         
2000027c  argCount                      
00000303  atoi                          
ffffffff  binit                         
00000000  g_pfnVectors                  
00000505  getString                     
000004eb  getValue                      
000005cb  getcUart0                     
00000617  getsUart0                     
0000051f  initHw                        
00000499  isCommand                     
000003ad  is_alphanumeric               
0000070d  main                          
00000d4d  memcpy                        
0000057d  putcUart0                     
00000599  putsUart0                     
20000200  strInput                      
0000026d  strcmp                        
000002dd  strlen                        
20000250  temp_arg                      
20000278  temp_command                  
000003cf  tokenize_string               


GLOBAL SYMBOLS: SORTED BY Symbol Address 

address   name                          
-------   ----                          
00000000  __TI_static_base__            
00000000  g_pfnVectors                  
00000200  __STACK_SIZE                  
0000026d  strcmp                        
000002dd  strlen                        
00000303  atoi                          
000003ad  is_alphanumeric               
000003cf  tokenize_string               
00000499  isCommand                     
000004eb  getValue                      
00000505  getString                     
0000051f  initHw                        
0000057d  putcUart0                     
00000599  putsUart0                     
000005cb  getcUart0                     
00000617  getsUart0                     
0000070d  main                          
00000d4d  __aeabi_memcpy                
00000d4d  __aeabi_memcpy4               
00000d4d  __aeabi_memcpy8               
00000d4d  memcpy                        
00000de9  __TI_auto_init_nobinit_nopinit
00000e2d  _c_int00_noargs               
00000e61  __TI_zero_init_nomemset       
00000e7d  ResetISR                      
00000e89  _system_pre_init              
00000e8d  C$$EXIT                       
00000e8d  abort                         
000011b8  __TI_Handler_Table_Base       
000011bc  __TI_CINIT_Base               
000011bc  __TI_Handler_Table_Limit      
000011c4  __TI_CINIT_Limit              
20000000  __stack                       
20000200  __STACK_END                   
20000200  __STACK_TOP                   
20000200  strInput                      
20000250  temp_arg                      
20000278  temp_command                  
2000027c  argCount                      
ffffffff  __TI_pprof_out_hndl           
ffffffff  __TI_prof_data_size           
ffffffff  __TI_prof_data_start          
ffffffff  __binit__                     
ffffffff  __c_args__                    
ffffffff  binit                         
UNDEFED   __mpu_init                    
UNDEFED   _system_post_cinit            

[47 symbols]
