******************************************************************************
                  TI ARM Linker Unix v18.12.2                  
******************************************************************************
>> Linked Mon Sep 30 22:26:23 2019

OUTPUT FILE NAME:   <mini_project_1.out>
ENTRY POINT SYMBOL: "_c_int00_noinit_noargs"  address: 00000dcd


MEMORY CONFIGURATION

         name            origin    length      used     unused   attr    fill
----------------------  --------  ---------  --------  --------  ----  --------
  FLASH                 00000000   00040000  00000f0c  0003f0f4  R  X
  SRAM                  20000000   00008000  00000800  00007800  RW X


SEGMENT ALLOCATION MAP

run origin  load origin   length   init length attrs members
----------  ----------- ---------- ----------- ----- -------
00000000    00000000    00000f0c   00000f0c    r-x
  00000000    00000000    0000026c   0000026c    r-- .intvecs
  0000026c    0000026c    00000ba0   00000ba0    r-x .text
  00000e0c    00000e0c    00000100   00000100    r-- .const
20000000    20000000    00000800   00000000    rw-
  20000000    20000000    00000800   00000000    rw- .stack


SECTION ALLOCATION MAP

 output                                  attributes/
section   page    origin      length       input sections
--------  ----  ----------  ----------   ----------------
.intvecs   0    00000000    0000026c     
                  00000000    0000026c     tm4c123gh6pm_startup_ccs.obj (.intvecs)

.text      0    0000026c    00000ba0     
                  0000026c    00000ac4     main.obj (.text)
                  00000d30    0000009c     rtsv7M4_T_le_v4SPD16_eabi.lib : memcpy_t2.asm.obj (.text)
                  00000dcc    0000002c                                   : boot_cortex_m.c.obj (.text:_c_int00_noinit_noargs:_c_int00_noinit_noargs)
                  00000df8    0000000c     tm4c123gh6pm_startup_ccs.obj (.text)
                  00000e04    00000004     rtsv7M4_T_le_v4SPD16_eabi.lib : pre_init.c.obj (.text:_system_pre_init)
                  00000e08    00000004                                   : exit.c.obj (.text:abort:abort)

.const     0    00000e0c    00000100     
                  00000e0c    00000100     main.obj (.const:.string:$P$T0$1)

.cinit     0    00000000    00000000     UNINITIALIZED

.init_array 
*          0    00000000    00000000     UNINITIALIZED

.stack     0    20000000    00000800     UNINITIALIZED
                  20000000    00000004     rtsv7M4_T_le_v4SPD16_eabi.lib : boot_cortex_m.c.obj (.stack)
                  20000004    000007fc     --HOLE--

MODULE SUMMARY

       Module                         code   ro data   rw data
       ------                         ----   -------   -------
    ./
       main.obj                       2756   256       0      
       tm4c123gh6pm_startup_ccs.obj   12     620       0      
    +--+------------------------------+------+---------+---------+
       Total:                         2768   876       0      
                                                              
    /Applications/ti/ccs910/ccs/tools/compiler/ti-cgt-arm_18.12.2.LTS/lib/rtsv7M4_T_le_v4SPD16_eabi.lib
       memcpy_t2.asm.obj              156    0         0      
       boot_cortex_m.c.obj            44     0         0      
       exit.c.obj                     4      0         0      
       pre_init.c.obj                 4      0         0      
    +--+------------------------------+------+---------+---------+
       Total:                         208    0         0      
                                                              
       Stack:                         0      0         2048   
    +--+------------------------------+------+---------+---------+
       Grand Total:                   2976   876       2048   


GLOBAL SYMBOLS: SORTED ALPHABETICALLY BY Name 

address   name                  
-------   ----                  
00000e09  C$$EXIT               
00000df9  ResetISR              
20000800  __STACK_END           
00000800  __STACK_SIZE          
20000200  __STACK_TOP           
ffffffff  __TI_pprof_out_hndl   
ffffffff  __TI_prof_data_size   
ffffffff  __TI_prof_data_start  
00000000  __TI_static_base__    
00000d31  __aeabi_memcpy        
00000d31  __aeabi_memcpy4       
00000d31  __aeabi_memcpy8       
ffffffff  __binit__             
ffffffff  __c_args__            
UNDEFED   __mpu_init            
20000000  __stack               
00000dcd  _c_int00_noinit_noargs
00000e05  _system_pre_init      
00000e09  abort                 
0000030d  atoi                  
ffffffff  binit                 
00000000  g_pfnVectors          
000005ad  getcUart0             
000005c1  getsUart0             
000004e3  initHw                
0000067f  ipcs                  
000004a1  isCommand             
000003ab  is_alphanumeric       
00000689  kill                  
00000c99  main                  
00000d31  memcpy                
00000699  pi                    
000006ed  pidof                 
000006b5  preempt               
00000675  ps                    
0000055f  putcUart0             
0000057b  putsUart0             
000006d1  sched                 
000007b9  shell                 
00000293  strcmp                
0000026d  strlen                
000003cd  tokenize_string       


GLOBAL SYMBOLS: SORTED BY Symbol Address 

address   name                  
-------   ----                  
00000000  __TI_static_base__    
00000000  g_pfnVectors          
0000026d  strlen                
00000293  strcmp                
0000030d  atoi                  
000003ab  is_alphanumeric       
000003cd  tokenize_string       
000004a1  isCommand             
000004e3  initHw                
0000055f  putcUart0             
0000057b  putsUart0             
000005ad  getcUart0             
000005c1  getsUart0             
00000675  ps                    
0000067f  ipcs                  
00000689  kill                  
00000699  pi                    
000006b5  preempt               
000006d1  sched                 
000006ed  pidof                 
000007b9  shell                 
00000800  __STACK_SIZE          
00000c99  main                  
00000d31  __aeabi_memcpy        
00000d31  __aeabi_memcpy4       
00000d31  __aeabi_memcpy8       
00000d31  memcpy                
00000dcd  _c_int00_noinit_noargs
00000df9  ResetISR              
00000e05  _system_pre_init      
00000e09  C$$EXIT               
00000e09  abort                 
20000000  __stack               
20000200  __STACK_TOP           
20000800  __STACK_END           
ffffffff  __TI_pprof_out_hndl   
ffffffff  __TI_prof_data_size   
ffffffff  __TI_prof_data_start  
ffffffff  __binit__             
ffffffff  __c_args__            
ffffffff  binit                 
UNDEFED   __mpu_init            

[42 symbols]
